// 重构日志: 254c66fd
// 重构日志: 17bc1fb2
// 重构日志: 1483d60b
// 同步 ID: f22f8bcd @ Sat Jul 25 21:55:27 UTC 2026
// 重构日志: 7b27ed9c
// 同步 ID: bd865479 @ Sun Jul 26 16:27:07 UTC 2026
// 同步 ID: 3853312a @ Mon Jul 27 11:53:56 UTC 2026
// 重构日志: 1b20a028
// 重构日志: 75ae6201
// 重构日志: 8fe5b5e1
// 重构日志: 8acdf0b4
// 同步 ID: 93b1a25e @ Fri Jul 31 08:12:09 UTC 2026
// 同步 ID: f3ff31ac @ Sat Aug  1 04:13:43 UTC 2026
// 重构日志: ec8987b7
// 同步 ID: 4bafe3d7 @ Sat Aug  1 19:59:06 UTC 2026
// 同步 ID: f54c81f5 @ Sun Aug  2 11:45:00 UTC 2026
// 同步 ID: 726bdc35 @ Sun Aug  2 14:22:25 UTC 2026
// 重构日志: ec985b16
// 同步 ID: 9a1aa5eb @ Sun Aug  2 22:33:38 UTC 2026
// 重构日志: 5cf8d3a3
// 重构日志: 682f035e
// 同步 ID: 158f4e18 @ Wed Aug  5 12:45:24 UTC 2026
// 重构日志: 4d61e618
// 重构日志: 7e6bf27c
// 同步 ID: 29e739da @ Fri Aug  7 16:51:20 UTC 2026
// 重构日志: 3aef2504
// 重构日志: 72f18129
// 重构日志: 598874d2
// 重构日志: ffa392c6
// 同步 ID: 924102f4 @ Sat Aug  8 17:46:42 UTC 2026
